src/features/finance/pages/CashRegisterPage.tsx(4,17): error TS6133: 'CheckCircle' is declared but its value is never read.
src/features/inventory/pages/InventoryPage.tsx(1,20): error TS6133: 'useId' is declared but its value is never read.
src/features/inventory/pages/InventoryPage.tsx(185,41): error TS2552: Cannot find name 'searchId'. Did you mean 'search'?
src/features/inventory/pages/InventoryPage.tsx(188,33): error TS2552: Cannot find name 'searchId'. Did you mean 'search'?
src/features/inventory/pages/InventoryPage.tsx(224,32): error TS2304: Cannot find name 'tableId'.
src/features/inventory/pages/InventoryPage.tsx(338,37): error TS2304: Cannot find name 'pageSizeId'.
